database:
  type: mariadb
  version: 10.5
php_version: 5.6
webserver_type: apache-fpm
nfs_mount_enabled: false
additional_hostnames: [overrideone, overridetwo, z-one]
