
database:
  type: mariadb
  version: 10.5
php_version: 5.6
webserver_type: apache-fpm
webimage_extra_packages: [php7.4-tidy]
nfs_mount_enabled: true
