
database:
  type: mariadb
  version: 10.5
performance_mode: "mutagen"
webserver_type: apache-fpm

php_version: 8.1
